24 features: now, lag_1, lag_2, lag_3, lag_5, lag_10, lag_15, lag_30, lag_60, mean_5, std_5, max_5, mean_15, std_15, max_15, mean_60, std_60, max_60, diff_1, same_time_yesterday, tod_sin, tod_cos, dow, is_weekend

H=5  y_next lightgbm num_leaves=31   trees=1995  val MAE= 225.98 W  RMSE= 444.28 W  (90s)
H=5  y_next lightgbm num_leaves=63   trees=1537  val MAE= 225.57 W  RMSE= 443.47 W  (86s)
H=5  y_next lightgbm num_leaves=127  trees=319   val MAE= 225.43 W  RMSE= 443.95 W  (31s)
  -> best lightgbm {'num_leaves': 127} saved to models\artifacts\lightgbm_y_next_5.joblib

H=5  y_next xgboost  max_depth=6    trees=1365  val MAE= 226.50 W  RMSE= 444.16 W  (143s)
H=5  y_next xgboost  max_depth=8    trees=456   val MAE= 225.51 W  RMSE= 443.21 W  (75s)
H=5  y_next xgboost  max_depth=10   trees=377   val MAE= 224.70 W  RMSE= 442.63 W  (91s)
  -> best xgboost {'max_depth': 10} saved to models\artifacts\xgboost_y_next_5.joblib

H=5  y_peak lightgbm num_leaves=31   trees=1477  val MAE= 209.38 W  RMSE= 405.30 W  (72s)
H=5  y_peak lightgbm num_leaves=63   trees=1051  val MAE= 209.11 W  RMSE= 405.15 W  (57s)
H=5  y_peak lightgbm num_leaves=127  trees=742   val MAE= 209.01 W  RMSE= 405.26 W  (52s)
  -> best lightgbm {'num_leaves': 127} saved to models\artifacts\lightgbm_y_peak_5.joblib

H=5  y_peak xgboost  max_depth=6    trees=1307  val MAE= 210.01 W  RMSE= 404.78 W  (136s)
H=5  y_peak xgboost  max_depth=8    trees=772   val MAE= 209.20 W  RMSE= 404.43 W  (113s)
H=5  y_peak xgboost  max_depth=10   trees=285   val MAE= 209.03 W  RMSE= 404.64 W  (79s)
  -> best xgboost {'max_depth': 10} saved to models\artifacts\xgboost_y_peak_5.joblib

H=10 y_next lightgbm num_leaves=31   trees=1914  val MAE= 309.92 W  RMSE= 558.56 W  (81s)
H=10 y_next lightgbm num_leaves=63   trees=1243  val MAE= 309.12 W  RMSE= 558.13 W  (63s)
H=10 y_next lightgbm num_leaves=127  trees=478   val MAE= 308.47 W  RMSE= 557.62 W  (40s)
  -> best lightgbm {'num_leaves': 127} saved to models\artifacts\lightgbm_y_next_10.joblib

H=10 y_next xgboost  max_depth=6    trees=831   val MAE= 310.58 W  RMSE= 559.12 W  (94s)
H=10 y_next xgboost  max_depth=8    trees=416   val MAE= 308.59 W  RMSE= 557.78 W  (72s)
H=10 y_next xgboost  max_depth=10   trees=187   val MAE= 307.59 W  RMSE= 557.27 W  (59s)
  -> best xgboost {'max_depth': 10} saved to models\artifacts\xgboost_y_next_10.joblib

H=10 y_peak lightgbm num_leaves=31   trees=1786  val MAE= 322.96 W  RMSE= 546.35 W  (79s)
H=10 y_peak lightgbm num_leaves=63   trees=1378  val MAE= 322.32 W  RMSE= 546.20 W  (73s)
H=10 y_peak lightgbm num_leaves=127  trees=845   val MAE= 322.51 W  RMSE= 546.53 W  (57s)
  -> best lightgbm {'num_leaves': 63} saved to models\artifacts\lightgbm_y_peak_10.joblib

H=10 y_peak xgboost  max_depth=6    trees=1184  val MAE= 323.33 W  RMSE= 545.75 W  (127s)
H=10 y_peak xgboost  max_depth=8    trees=689   val MAE= 322.31 W  RMSE= 545.41 W  (104s)
H=10 y_peak xgboost  max_depth=10   trees=327   val MAE= 321.55 W  RMSE= 545.32 W  (89s)
  -> best xgboost {'max_depth': 10} saved to models\artifacts\xgboost_y_peak_10.joblib

H=15 y_next lightgbm num_leaves=31   trees=1887  val MAE= 354.80 W  RMSE= 614.38 W  (79s)
H=15 y_next lightgbm num_leaves=63   trees=1248  val MAE= 353.93 W  RMSE= 614.24 W  (64s)
H=15 y_next lightgbm num_leaves=127  trees=545   val MAE= 352.92 W  RMSE= 613.11 W  (41s)
  -> best lightgbm {'num_leaves': 127} saved to models\artifacts\lightgbm_y_next_15.joblib

H=15 y_next xgboost  max_depth=6    trees=859   val MAE= 355.86 W  RMSE= 614.87 W  (96s)
H=15 y_next xgboost  max_depth=8    trees=419   val MAE= 353.35 W  RMSE= 613.59 W  (71s)
H=15 y_next xgboost  max_depth=10   trees=256   val MAE= 352.26 W  RMSE= 613.17 W  (72s)
  -> best xgboost {'max_depth': 10} saved to models\artifacts\xgboost_y_next_15.joblib

H=15 y_peak lightgbm num_leaves=31   trees=1997  val MAE= 404.25 W  RMSE= 640.15 W  (101s)
H=15 y_peak lightgbm num_leaves=63   trees=1664  val MAE= 403.60 W  RMSE= 640.32 W  (77s)
H=15 y_peak lightgbm num_leaves=127  trees=1262  val MAE= 402.85 W  RMSE= 640.97 W  (71s)
  -> best lightgbm {'num_leaves': 127} saved to models\artifacts\lightgbm_y_peak_15.joblib

H=15 y_peak xgboost  max_depth=6    trees=1938  val MAE= 404.65 W  RMSE= 640.23 W  (182s)
H=15 y_peak xgboost  max_depth=8    trees=736   val MAE= 403.56 W  RMSE= 639.98 W  (105s)
H=15 y_peak xgboost  max_depth=10   trees=494   val MAE= 402.20 W  RMSE= 639.81 W  (107s)
  -> best xgboost {'max_depth': 10} saved to models\artifacts\xgboost_y_peak_15.joblib

Saved results\tables\step08_tuning_log.csv (36 settings)

Best per H / target / algorithm (validation):
 H target     algo      param  value  best_n_trees  val_mae_w  val_rmse_w
 5 y_next lightgbm num_leaves    127           319     225.43      443.95
 5 y_next  xgboost  max_depth     10           377     224.70      442.63
 5 y_peak lightgbm num_leaves    127           742     209.01      405.26
 5 y_peak  xgboost  max_depth     10           285     209.03      404.64
10 y_next lightgbm num_leaves    127           478     308.47      557.62
10 y_next  xgboost  max_depth     10           187     307.59      557.27
10 y_peak lightgbm num_leaves     63          1378     322.32      546.20
10 y_peak  xgboost  max_depth     10           327     321.55      545.32
15 y_next lightgbm num_leaves    127           545     352.92      613.11
15 y_next  xgboost  max_depth     10           256     352.26      613.17
15 y_peak lightgbm num_leaves    127          1262     402.85      640.97
15 y_peak  xgboost  max_depth     10           494     402.20      639.81
